// Jest Snapshot v1, https://goo.gl/fbAQLP

exports[`Index Page Renders the Index Page 1`] = `
preact-render-spy (1 nodes)
-------
<UnnamedComponent0>
  <p>Main page</p>
</UnnamedComponent0>

`;
